[backblue.gif]
[fade.gif]
[index.html]
[mrzhd.ru/favicon.ico]
[mrzhd.ru/i/favicon/apple-icon-57x57.png]
[mrzhd.ru/i/favicon/apple-icon-60x60.png]
[mrzhd.ru/i/favicon/apple-icon-72x72.png]
[mrzhd.ru/i/favicon/apple-icon-76x76.png]
[mrzhd.ru/i/favicon/apple-icon-114x114.png]
[mrzhd.ru/i/favicon/apple-icon-120x120.png]
[mrzhd.ru/i/favicon/apple-icon-144x144.png]
[mrzhd.ru/i/favicon/apple-icon-152x152.png]
[mrzhd.ru/i/favicon/apple-icon-180x180.png]
[mrzhd.ru/i/favicon/android-icon-192x192.png]
[mrzhd.ru/i/favicon/favicon-32x32.png]
[mrzhd.ru/i/favicon/favicon-96x96.png]
[mrzhd.ru/i/favicon/favicon-16x16.png]
[mrzhd.ru/i/favicon/manifest.json]
[mrzhd.ru/i/favicon/ms-icon-144x144.png]
[mrzhd.ru/i/blog/main/s/1524838661.jpg]
[mrzhd.ru/i/blog/main/s/1524829026.jpg]
[mrzhd.ru/i/blog/main/s/1524489732.jpg]
[mrzhd.ru/i/patents/2439236.jpg]
[mrzhd.ru/i/patents/2439236-2.jpg]
[mrzhd.ru/i/patents/patent-2439236.pdf]
[mrzhd.ru/i/patents/2623786.jpg]
[mrzhd.ru/i/patents/2623786-2.jpg]
[mrzhd.ru/index.html]
[mrzhd.ru/css/font/header.ttf]
[mrzhd.ru/i/def/round.gif]
[mrzhd.ru/i/def/bgb.png]
[mrzhd.ru/i/def/header-mrzhd.png]
[mrzhd.ru/i/def/icon_profile.png]
[mrzhd.ru/i/def/icon_home.png]
[mrzhd.ru/i/def/icon_menu.png]
[mrzhd.ru/i/blog/user.png]
[mrzhd.ru/i/blog/wait.png]
[mrzhd.ru/i/blog/author.png]
[mrzhd.ru/i/blog/download.png]
[mrzhd.ru/css/def.css]
[mrzhd.ru/admin/login.html]
[mrzhd.ru/i/site/from-author/switch.gif]
[mrzhd.ru/i/site/from-author/overtaking-in-mrzhd.gif]
[mrzhd.ru/i/site/from-author/overtaking-in-mrzhd-2.png]
[mrzhd.ru/i/site/from-author/transition-to-other-rail-crank.gif]
[mrzhd.ru/i/site/from-author/transition-to-other-rail-crank-2.png]
[mrzhd.ru/from-author.html]
[mrzhd.ru/en/from-author.html]
[mrzhd.ru/blog/index_post_1469801160.html]
[mrzhd.ru/blog/index_index_best.html]
[mrzhd.ru/blog/index_post_1425985800.html]
[mrzhd.ru/blog/index_post_1406459340.html]
[mrzhd.ru/blog/index.html]
[mrzhd.ru/i/site/smi/railwayman-06-2015/cover.jpg]
[mrzhd.ru/i/site/smi/railwayman-06-2015/cover-2.jpg]
[mrzhd.ru/smi/index.html]
[mrzhd.ru/i/site/archive/stack.png]
[mrzhd.ru/archive/index.html]
[mrzhd.ru/admin/connect.html]
[mrzhd.ru/blog/index-2.html]
[mrzhd.ru/blog/index_post_1523801311.html]
[mrzhd.ru/i/site/smi/railwayman-06-2015/1.jpg]
[mrzhd.ru/i/site/smi/railwayman-06-2015/1-2.jpg]
[mrzhd.ru/i/site/smi/railwayman-06-2015/2.jpg]
[mrzhd.ru/i/site/smi/railwayman-06-2015/2-2.jpg]
[mrzhd.ru/i/site/smi/railwayman-06-2015/3.jpg]
[mrzhd.ru/i/site/smi/railwayman-06-2015/3-2.jpg]
[mrzhd.ru/i/site/smi/railwayman-06-2015/4.jpg]
[mrzhd.ru/i/site/smi/railwayman-06-2015/4-2.jpg]
[mrzhd.ru/i/site/smi/railwayman-06-2015/5.jpg]
[mrzhd.ru/i/site/smi/railwayman-06-2015/5-2.jpg]
[mrzhd.ru/i/site/smi/railwayman-06-2015/6.jpg]
[mrzhd.ru/i/site/smi/railwayman-06-2015/6-2.jpg]
[mrzhd.ru/i/site/smi/railwayman-06-2015/7.jpg]
[mrzhd.ru/i/site/smi/railwayman-06-2015/7-2.jpg]
[mrzhd.ru/i/site/smi/railwayman-06-2015/8.jpg]
[mrzhd.ru/i/site/smi/railwayman-06-2015/8-2.jpg]
[mrzhd.ru/i/site/smi/railwayman-06-2015/9.jpg]
[mrzhd.ru/i/site/smi/railwayman-06-2015/9-2.jpg]
[mrzhd.ru/i/site/smi/railwayman-06-2015/10.jpg]
[mrzhd.ru/i/site/smi/railwayman-06-2015/10-2.jpg]
[mrzhd.ru/smi/railwayman-06-2015.html]
[mrzhd.ru/i/site/smi/railwayman-06-2015-text/01.jpg]
[mrzhd.ru/i/site/smi/railwayman-06-2015-text/1.jpg]
[mrzhd.ru/i/site/smi/railwayman-06-2015-text/2.jpg]
[mrzhd.ru/i/site/smi/railwayman-06-2015-text/3.jpg]
[mrzhd.ru/i/site/smi/railwayman-06-2015-text/4.jpg]
[mrzhd.ru/i/site/smi/railwayman-06-2015-text/5.jpg]
[mrzhd.ru/i/site/smi/railwayman-06-2015-text/6.jpg]
[mrzhd.ru/i/site/smi/railwayman-06-2015-text/7.jpg]
[mrzhd.ru/i/site/smi/railwayman-06-2015-text/8.jpg]
[mrzhd.ru/i/site/smi/railwayman-06-2015-text/9.jpg]
[mrzhd.ru/i/site/smi/railwayman-06-2015-text/10.jpg]
[mrzhd.ru/i/site/smi/railwayman-06-2015-text/11.jpg]
[mrzhd.ru/i/site/smi/railwayman-06-2015-text/12.jpg]
[mrzhd.ru/i/site/smi/railwayman-06-2015-text/13.jpg]
[mrzhd.ru/i/site/smi/railwayman-06-2015-text/14.jpg]
[mrzhd.ru/i/site/smi/railwayman-06-2015-text/15.jpg]
[mrzhd.ru/i/site/smi/railwayman-06-2015-text/16.jpg]
[mrzhd.ru/i/site/smi/railwayman-06-2015-text/17.jpg]
[mrzhd.ru/i/site/smi/railwayman-06-2015-text/18.jpg]
[mrzhd.ru/i/site/smi/railwayman-06-2015-text/19.jpg]
[mrzhd.ru/i/site/smi/railwayman-06-2015-text/20.jpg]
[mrzhd.ru/i/site/smi/railwayman-06-2015-text/21.jpg]
[mrzhd.ru/i/site/smi/railwayman-06-2015-text/22.jpg]
[mrzhd.ru/i/site/smi/railwayman-06-2015-text/23.jpg]
[mrzhd.ru/smi/railwayman-06-2015-text.html]
[mrzhd.ru/i/site/archive/appeals-answers/mintrans-220413.pdf]
[mrzhd.ru/i/site/archive/appeals-answers/minoborony-251114.gif]
[mrzhd.ru/i/site/archive/appeals-answers/mintrans-121214.pdf]
[mrzhd.ru/i/site/archive/appeals-answers/krti-spb-121214.pdf]
[mrzhd.ru/i/site/archive/appeals-answers/administration-omsk-121214.pdf]
[mrzhd.ru/i/site/archive/appeals-answers/invitation-mintrans-171214.gif]
[mrzhd.ru/i/site/archive/appeals-answers/yavlinskij-251214.jpg]
[mrzhd.ru/i/site/archive/appeals-answers/zs-spb-310816.jpg]
[mrzhd.ru/archive/appeals-answers.html]
[mrzhd.ru/css/def-wide.css]
